============================= test session starts =============================
platform win32 -- Python 3.13.5, pytest-8.4.2, pluggy-1.5.0
rootdir: J:\V3_Mod_Localization_Factory
plugins: anyio-4.11.0, mock-3.15.1
collected 3 items

tests\test_patching_api.py ...                                           [100%]

============================== warnings summary ===============================
scripts\utils\phonetics_engine.py:38
scripts\utils\phonetics_engine.py:38
  J:\V3_Mod_Localization_Factory\scripts\utils\phonetics_engine.py:38: DeprecationWarning: Call to deprecated method setMode. (Old API will be removed in v3.0.) -- Deprecated since version 2.1.
    self.kakasi.setMode("H", "a") # Hiragana to Romaji

scripts\utils\phonetics_engine.py:39
scripts\utils\phonetics_engine.py:39
  J:\V3_Mod_Localization_Factory\scripts\utils\phonetics_engine.py:39: DeprecationWarning: Call to deprecated method setMode. (Old API will be removed in v3.0.) -- Deprecated since version 2.1.
    self.kakasi.setMode("K", "a") # Katakana to Romaji

scripts\utils\phonetics_engine.py:40
scripts\utils\phonetics_engine.py:40
  J:\V3_Mod_Localization_Factory\scripts\utils\phonetics_engine.py:40: DeprecationWarning: Call to deprecated method setMode. (Old API will be removed in v3.0.) -- Deprecated since version 2.1.
    self.kakasi.setMode("J", "a") # Kanji to Romaji

scripts\utils\phonetics_engine.py:41
scripts\utils\phonetics_engine.py:41
  J:\V3_Mod_Localization_Factory\scripts\utils\phonetics_engine.py:41: DeprecationWarning: Call to deprecated method getConverter. (Old API will be removed in v3.0.) -- Deprecated since version 2.1.
    self.kakasi_converter = self.kakasi.getConverter()

-- Docs: https://docs.pytest.org/en/stable/how-to/capture-warnings.html
======================== 3 passed, 8 warnings in 1.70s ========================
